C:\uczelnia\programowanie aplikacji\AppForProgrammingApp\src\controller\AboutController.java
C:\uczelnia\programowanie aplikacji\AppForProgrammingApp\src\model\InstructionReader.java
C:\uczelnia\programowanie aplikacji\AppForProgrammingApp\src\model\DateConverter.java
C:\uczelnia\programowanie aplikacji\AppForProgrammingApp\src\model\TipModel.java
C:\uczelnia\programowanie aplikacji\AppForProgrammingApp\src\model\OptionList.java
C:\uczelnia\programowanie aplikacji\AppForProgrammingApp\src\model\CalcOption.java
C:\uczelnia\programowanie aplikacji\AppForProgrammingApp\src\controller\PopupWindowController.java
C:\uczelnia\programowanie aplikacji\AppForProgrammingApp\src\model\TableDataModel.java
C:\uczelnia\programowanie aplikacji\AppForProgrammingApp\src\application\Main.java
C:\uczelnia\programowanie aplikacji\AppForProgrammingApp\src\application\MyLogger.java
C:\uczelnia\programowanie aplikacji\AppForProgrammingApp\src\controller\MainController.java
C:\uczelnia\programowanie aplikacji\AppForProgrammingApp\src\controller\TipOfTheDayController.java
